// Jest Snapshot v1, https://goo.gl/fbAQLP

exports[`App should render 1`] = `
<div>
  <div
    class="App"
  >
    <div
      class="imageForm"
    >
      <h1
        class="title"
      >
        Pneumonia Diagnosis
      </h1>
      <img
        alt="Chest x-ray"
        class="image default"
        src="defaultImage.jpg"
      />
      <form
        class="form"
      >
        <input
          class="input"
          type="file"
        />
        <button
          class="btn"
          disabled=""
          type="submit"
        >
          Predict
        </button>
      </form>
      <p
        class="result"
      >
        Pneumonia: [Result]
      </p>
    </div>
  </div>
</div>
`;
